Resource Usage Report for Spectrum_Analyzer 

Mapping to part: m2s010tq144std
Cell usage:
CCC             1 use
CLKINT          7 uses
RCOSC_25_50MHZ  1 use
SYSRESET        1 use
CFG1           10 uses
CFG2           248 uses
CFG3           528 uses
CFG4           727 uses

Carry cells:
ARI1            388 uses - used for arithmetic functions
ARI1            88 uses - used for Wide-Mux implementation
Total ARI1      476 uses


Sequential Cells: 
SLE            942 uses

DSP Blocks:    3 of 22 (13%)
 MACC:         3 Mults

I/O ports: 11
I/O primitives: 9
INBUF_DIFF     1 use
OUTBUF         8 uses


Global Clock Buffers: 7

Total LUTs:    1989

Extra resources required for RAM and MACC interface logic during P&R:

RAM64x18 Interface Logic : SLEs = 360; LUTs = 360;
RAM1K18  Interface Logic : SLEs = 144; LUTs = 144;
MACC     Interface Logic : SLEs = 108; LUTs = 108;

Total number of SLEs after P&R:  942 + 360 + 144 + 108 = 1554;
Total number of LUTs after P&R:  1989 + 360 + 144 + 108 = 2601;

