

@S |Clock Optimization Summary


#### START OF CLOCK OPTIMIZATION REPORT #####[

Clock optimization not enabled
0 non-gated/non-generated clock tree(s) driving 0 clock pin(s) of sequential element(s)
3 gated/generated clock tree(s) driving 980 clock pin(s) of sequential element(s)
0 instances converted, 980 sequential instances remain driven by gated/generated clocks

============================================================================================================================= Gated/Generated Clocks ==============================================================================================================================
Clock Tree ID     Driving Element                                                 Drive Element Type     Fanout     Sample Instance                                  Explanation                                                                                                   
-----------------------------------------------------------------------------------------------------------------------------------------------------------------------------------------------------------------------------------------------------------------------------------
@K:CKID0001       FCCC_C0_0.FCCC_C0_0.CCC_INST                                    CCC                    959        timer_0.counter[0]                               Illegal instance on clock path. See the Gated Clocks description in the user guide for conversion requirements
@K:CKID0002       Nokia5110_Driver_0.SPI_timer.timer_clock_out_sig                SLE                    20         Nokia5110_Driver_0.LCD_timer.timer_indic_sig     No generated or derived clock directive on output of sequential instance                                      
@K:CKID0003       Sigma_Delta_LVDS_ADC_0.Sample_CLK_timer.timer_clock_out_sig     SLE                    1          Sigma_Delta_LVDS_ADC_0.analog_FF                 No generated or derived clock directive on output of sequential instance                                      
===================================================================================================================================================================================================================================================================================


##### END OF CLOCK OPTIMIZATION REPORT ######]

